ClientMain
> OK

> OK
[<vaga,sd,turno1>]

> OK
<vaga,sd,turno1>

> OK
[]

> 